------------------------------------------------------------
Timing Analyzer Summary
------------------------------------------------------------

Type  : Slow 1200mV 85C Model Setup 'clk'
Slack : 31.318
TNS   : 0.000

Type  : Slow 1200mV 85C Model Setup '_pll|altpll_component|auto_generated|pll1|clk[0]'
Slack : 34.589
TNS   : 0.000

Type  : Slow 1200mV 85C Model Setup 'altera_reserved_tck'
Slack : 43.776
TNS   : 0.000

Type  : Slow 1200mV 85C Model Hold 'clk'
Slack : 0.301
TNS   : 0.000

Type  : Slow 1200mV 85C Model Hold '_pll|altpll_component|auto_generated|pll1|clk[0]'
Slack : 0.358
TNS   : 0.000

Type  : Slow 1200mV 85C Model Hold 'altera_reserved_tck'
Slack : 0.358
TNS   : 0.000

Type  : Slow 1200mV 85C Model Recovery 'altera_reserved_tck'
Slack : 96.274
TNS   : 0.000

Type  : Slow 1200mV 85C Model Removal 'altera_reserved_tck'
Slack : 1.026
TNS   : 0.000

Type  : Slow 1200mV 85C Model Minimum Pulse Width 'clk'
Slack : 24.577
TNS   : 0.000

Type  : Slow 1200mV 85C Model Minimum Pulse Width '_pll|altpll_component|auto_generated|pll1|clk[0]'
Slack : 24.746
TNS   : 0.000

Type  : Slow 1200mV 85C Model Minimum Pulse Width 'altera_reserved_tck'
Slack : 49.577
TNS   : 0.000

Type  : Slow 1200mV 0C Model Setup 'clk'
Slack : 33.263
TNS   : 0.000

Type  : Slow 1200mV 0C Model Setup '_pll|altpll_component|auto_generated|pll1|clk[0]'
Slack : 36.226
TNS   : 0.000

Type  : Slow 1200mV 0C Model Setup 'altera_reserved_tck'
Slack : 44.463
TNS   : 0.000

Type  : Slow 1200mV 0C Model Hold 'clk'
Slack : 0.298
TNS   : 0.000

Type  : Slow 1200mV 0C Model Hold 'altera_reserved_tck'
Slack : 0.311
TNS   : 0.000

Type  : Slow 1200mV 0C Model Hold '_pll|altpll_component|auto_generated|pll1|clk[0]'
Slack : 0.312
TNS   : 0.000

Type  : Slow 1200mV 0C Model Recovery 'altera_reserved_tck'
Slack : 96.679
TNS   : 0.000

Type  : Slow 1200mV 0C Model Removal 'altera_reserved_tck'
Slack : 0.924
TNS   : 0.000

Type  : Slow 1200mV 0C Model Minimum Pulse Width 'clk'
Slack : 24.592
TNS   : 0.000

Type  : Slow 1200mV 0C Model Minimum Pulse Width '_pll|altpll_component|auto_generated|pll1|clk[0]'
Slack : 24.743
TNS   : 0.000

Type  : Slow 1200mV 0C Model Minimum Pulse Width 'altera_reserved_tck'
Slack : 49.550
TNS   : 0.000

Type  : Fast 1200mV 0C Model Setup 'clk'
Slack : 38.795
TNS   : 0.000

Type  : Fast 1200mV 0C Model Setup '_pll|altpll_component|auto_generated|pll1|clk[0]'
Slack : 40.667
TNS   : 0.000

Type  : Fast 1200mV 0C Model Setup 'altera_reserved_tck'
Slack : 46.513
TNS   : 0.000

Type  : Fast 1200mV 0C Model Hold 'clk'
Slack : 0.140
TNS   : 0.000

Type  : Fast 1200mV 0C Model Hold '_pll|altpll_component|auto_generated|pll1|clk[0]'
Slack : 0.186
TNS   : 0.000

Type  : Fast 1200mV 0C Model Hold 'altera_reserved_tck'
Slack : 0.188
TNS   : 0.000

Type  : Fast 1200mV 0C Model Recovery 'altera_reserved_tck'
Slack : 97.767
TNS   : 0.000

Type  : Fast 1200mV 0C Model Removal 'altera_reserved_tck'
Slack : 0.565
TNS   : 0.000

Type  : Fast 1200mV 0C Model Minimum Pulse Width 'clk'
Slack : 24.378
TNS   : 0.000

Type  : Fast 1200mV 0C Model Minimum Pulse Width '_pll|altpll_component|auto_generated|pll1|clk[0]'
Slack : 24.781
TNS   : 0.000

Type  : Fast 1200mV 0C Model Minimum Pulse Width 'altera_reserved_tck'
Slack : 49.466
TNS   : 0.000

------------------------------------------------------------
