------------------------------------------------------------
Timing Analyzer Summary
------------------------------------------------------------

Type  : Slow 1200mV 85C Model Setup 'clk'
Slack : 31.870
TNS   : 0.000

Type  : Slow 1200mV 85C Model Setup '_pll|altpll_component|auto_generated|pll1|clk[0]'
Slack : 35.999
TNS   : 0.000

Type  : Slow 1200mV 85C Model Setup 'altera_reserved_tck'
Slack : 44.166
TNS   : 0.000

Type  : Slow 1200mV 85C Model Hold 'clk'
Slack : 0.299
TNS   : 0.000

Type  : Slow 1200mV 85C Model Hold 'altera_reserved_tck'
Slack : 0.357
TNS   : 0.000

Type  : Slow 1200mV 85C Model Hold '_pll|altpll_component|auto_generated|pll1|clk[0]'
Slack : 0.358
TNS   : 0.000

Type  : Slow 1200mV 85C Model Recovery 'altera_reserved_tck'
Slack : 95.995
TNS   : 0.000

Type  : Slow 1200mV 85C Model Removal 'altera_reserved_tck'
Slack : 1.090
TNS   : 0.000

Type  : Slow 1200mV 85C Model Minimum Pulse Width 'clk'
Slack : 24.577
TNS   : 0.000

Type  : Slow 1200mV 85C Model Minimum Pulse Width '_pll|altpll_component|auto_generated|pll1|clk[0]'
Slack : 24.746
TNS   : 0.000

Type  : Slow 1200mV 85C Model Minimum Pulse Width 'altera_reserved_tck'
Slack : 49.578
TNS   : 0.000

Type  : Slow 1200mV 0C Model Setup 'clk'
Slack : 33.734
TNS   : 0.000

Type  : Slow 1200mV 0C Model Setup '_pll|altpll_component|auto_generated|pll1|clk[0]'
Slack : 37.419
TNS   : 0.000

Type  : Slow 1200mV 0C Model Setup 'altera_reserved_tck'
Slack : 44.826
TNS   : 0.000

Type  : Slow 1200mV 0C Model Hold 'clk'
Slack : 0.293
TNS   : 0.000

Type  : Slow 1200mV 0C Model Hold '_pll|altpll_component|auto_generated|pll1|clk[0]'
Slack : 0.311
TNS   : 0.000

Type  : Slow 1200mV 0C Model Hold 'altera_reserved_tck'
Slack : 0.311
TNS   : 0.000

Type  : Slow 1200mV 0C Model Recovery 'altera_reserved_tck'
Slack : 96.420
TNS   : 0.000

Type  : Slow 1200mV 0C Model Removal 'altera_reserved_tck'
Slack : 0.990
TNS   : 0.000

Type  : Slow 1200mV 0C Model Minimum Pulse Width 'clk'
Slack : 24.595
TNS   : 0.000

Type  : Slow 1200mV 0C Model Minimum Pulse Width '_pll|altpll_component|auto_generated|pll1|clk[0]'
Slack : 24.743
TNS   : 0.000

Type  : Slow 1200mV 0C Model Minimum Pulse Width 'altera_reserved_tck'
Slack : 49.546
TNS   : 0.000

Type  : Fast 1200mV 0C Model Setup 'clk'
Slack : 39.122
TNS   : 0.000

Type  : Fast 1200mV 0C Model Setup '_pll|altpll_component|auto_generated|pll1|clk[0]'
Slack : 41.362
TNS   : 0.000

Type  : Fast 1200mV 0C Model Setup 'altera_reserved_tck'
Slack : 46.792
TNS   : 0.000

Type  : Fast 1200mV 0C Model Hold 'clk'
Slack : 0.143
TNS   : 0.000

Type  : Fast 1200mV 0C Model Hold '_pll|altpll_component|auto_generated|pll1|clk[0]'
Slack : 0.186
TNS   : 0.000

Type  : Fast 1200mV 0C Model Hold 'altera_reserved_tck'
Slack : 0.186
TNS   : 0.000

Type  : Fast 1200mV 0C Model Recovery 'altera_reserved_tck'
Slack : 97.577
TNS   : 0.000

Type  : Fast 1200mV 0C Model Removal 'altera_reserved_tck'
Slack : 0.587
TNS   : 0.000

Type  : Fast 1200mV 0C Model Minimum Pulse Width 'clk'
Slack : 24.382
TNS   : 0.000

Type  : Fast 1200mV 0C Model Minimum Pulse Width '_pll|altpll_component|auto_generated|pll1|clk[0]'
Slack : 24.781
TNS   : 0.000

Type  : Fast 1200mV 0C Model Minimum Pulse Width 'altera_reserved_tck'
Slack : 49.466
TNS   : 0.000

------------------------------------------------------------
